// Jest Snapshot v1, https://goo.gl/fbAQLP

exports[`should correctly render Dashboard 1`] = `
<div>
  Dashboard
</div>
`;
